
> clawpaw@0.1.0 build
> next build

Γû▓ Next.js 16.1.6 (Turbopack)

  Creating an optimized production build ...
Γ£ô Compiled successfully in 29.3s
  Running TypeScript ...
  Collecting page data using 3 workers ...
  Generating static pages using 3 workers (0/16) ...
  Generating static pages using 3 workers (4/16) 
  Generating static pages using 3 workers (8/16) 
  Generating static pages using 3 workers (12/16) 
Γ£ô Generating static pages using 3 workers (16/16) in 1881.7ms
  Finalizing page optimization ...

Route (app)
Γöî Γùï /
Γö£ Γùï /_not-found
Γö£ Γùï /auth
Γö£ Γùï /dashboard
Γö£ Γùï /dashboard/access
Γö£ Γùï /dashboard/analytics
Γö£ Γùï /dashboard/compliance
Γö£ Γùï /dashboard/diet-planner
Γö£ Γùï /dashboard/patients
Γö£ Γùï /dashboard/pharma
Γö£ Γùï /dashboard/reports
Γö£ Γùï /dashboard/settings
Γö£ Γùï /dashboard/store
Γöö Γùï /icon.svg


Γùï  (Static)  prerendered as static content

